// Jest Snapshot v1, https://goo.gl/fbAQLP

exports[`retry case: stdout 1`] = `
"{\\"id\\":11,\\"payload\\":11,\\"type\\":\\"test\\"}
{\\"id\\":12,\\"payload\\":12,\\"type\\":\\"test\\"}
{\\"id\\":13,\\"payload\\":13,\\"type\\":\\"test\\"}
{\\"id\\":14,\\"payload\\":14,\\"type\\":\\"test\\"}
{\\"id\\":15,\\"payload\\":15,\\"type\\":\\"test\\"}
"
`;

exports[`stdout 1`] = `
"{\\"id\\":11,\\"payload\\":11,\\"type\\":\\"test\\"}
{\\"id\\":12,\\"payload\\":12,\\"type\\":\\"test\\"}
{\\"id\\":13,\\"payload\\":13,\\"type\\":\\"test\\"}
{\\"id\\":14,\\"payload\\":14,\\"type\\":\\"test\\"}
{\\"id\\":15,\\"payload\\":15,\\"type\\":\\"test\\"}
"
`;
