// Jest Snapshot v1, https://goo.gl/fbAQLP

exports[`subscribe endpoint should subscribe 1`] = `
Array [
  Object {
    "id": 1,
    "type": "first",
  },
  Object {
    "id": 2,
    "payload": 123,
    "type": "second",
  },
]
`;

exports[`subscribe endpoint should work with empty cache 1`] = `
Array [
  Object {
    "id": 2,
    "payload": 2,
    "type": "test",
  },
  Object {
    "id": 3,
    "payload": 3,
    "type": "test",
  },
]
`;
